
> portfolio@0.0.0 build
> tsc -b && vite build

src/components/Contact.tsx(2,16): error TS2305: Module '"lucide-react"' has no exported member 'Github'.
src/components/Contact.tsx(2,24): error TS2305: Module '"lucide-react"' has no exported member 'Linkedin'.
src/components/Projects.tsx(2,24): error TS2305: Module '"lucide-react"' has no exported member 'Github'.
